

================================================================
== Vitis HLS Report for 'Example1'
================================================================
* Date:           Tue Nov  9 21:30:37 2021

* Version:        2020.2 (Build 3064766 on Wed Nov 18 09:12:47 MST 2020)
* Project:        example1
* Solution:       xcvu9p-flgb2104-2-i (Vivado IP Flow Target)
* Product family: virtexuplus
* Target device:  xcvu9p-flgb2104-2-i


================================================================
== Performance Estimates
================================================================
+ Timing: 
    * Summary: 
    +--------+---------+----------+------------+
    |  Clock |  Target | Estimated| Uncertainty|
    +--------+---------+----------+------------+
    |ap_clk  |  5.00 ns|  3.650 ns|     1.35 ns|
    +--------+---------+----------+------------+

+ Latency: 
    * Summary: 
    +---------+---------+----------+----------+-------+--------+---------+
    |  Latency (cycles) |  Latency (absolute) |    Interval    | Pipeline|
    |   min   |   max   |    min   |    max   |  min  |   max  |   Type  |
    +---------+---------+----------+----------+-------+--------+---------+
    |    96513|   885377|  0.483 ms|  4.427 ms|  96514|  885378|     none|
    +---------+---------+----------+----------+-------+--------+---------+

    + Detail: 
        * Instance: 
        N/A

        * Loop: 
        +------------------------------------+---------+---------+--------------+-----------+-----------+----------+----------+
        |                                    |  Latency (cycles) |   Iteration  |  Initiation Interval  |   Trip   |          |
        |              Loop Name             |   min   |   max   |    Latency   |  achieved |   target  |   Count  | Pipelined|
        +------------------------------------+---------+---------+--------------+-----------+-----------+----------+----------+
        |- VITIS_LOOP_7_1                    |    96512|   885376|  1508 ~ 13834|          -|          -|        64|        no|
        | + VITIS_LOOP_9_2                   |     1408|     5440|       22 ~ 85|          -|          -|        64|        no|
        |  ++ VITIS_LOOP_11_3                |       11|       74|            12|          1|          1|    1 ~ 64|       yes|
        | + VITIS_LOOP_19_4                  |       81|       81|            19|          1|          1|        64|       yes|
        | + VITIS_LOOP_25_5_VITIS_LOOP_27_6  |        0|     8221|            34|          2|          1|  0 ~ 4095|       yes|
        | + VITIS_LOOP_34_7                  |        0|       67|             6|          1|          1|    0 ~ 63|       yes|
        +------------------------------------+---------+---------+--------------+-----------+-----------+----------+----------+



================================================================
== Utilization Estimates
================================================================
* Summary: 
+---------------------+---------+------+---------+---------+-----+
|         Name        | BRAM_18K|  DSP |    FF   |   LUT   | URAM|
+---------------------+---------+------+---------+---------+-----+
|DSP                  |        -|     -|        -|        -|    -|
|Expression           |        -|     -|        0|     1314|    -|
|FIFO                 |        -|     -|        -|        -|    -|
|Instance             |        6|    14|     2417|     2774|    -|
|Memory               |        0|     -|       32|       33|    -|
|Multiplexer          |        -|     -|        -|      605|    -|
|Register             |        -|     -|     2116|      288|    -|
+---------------------+---------+------+---------+---------+-----+
|Total                |        6|    14|     4565|     5014|    0|
+---------------------+---------+------+---------+---------+-----+
|Available SLR        |     1440|  2280|   788160|   394080|  320|
+---------------------+---------+------+---------+---------+-----+
|Utilization SLR (%)  |       ~0|    ~0|       ~0|        1|    0|
+---------------------+---------+------+---------+---------+-----+
|Available            |     4320|  6840|  2364480|  1182240|  960|
+---------------------+---------+------+---------+---------+-----+
|Utilization (%)      |       ~0|    ~0|       ~0|       ~0|    0|
+---------------------+---------+------+---------+---------+-----+

+ Detail: 
    * Instance: 
    +---------------------------------------+------------------------------------+---------+----+-----+-----+-----+
    |                Instance               |               Module               | BRAM_18K| DSP|  FF | LUT | URAM|
    +---------------------------------------+------------------------------------+---------+----+-----+-----+-----+
    |control_s_axi_U                        |control_s_axi                       |        0|   0|  246|  424|    0|
    |faddfsub_32ns_32ns_32_5_full_dsp_1_U1  |faddfsub_32ns_32ns_32_5_full_dsp_1  |        0|   2|  205|  220|    0|
    |fdiv_32ns_32ns_32_10_no_dsp_1_U3       |fdiv_32ns_32ns_32_10_no_dsp_1       |        0|   0|    0|    0|    0|
    |fmul_32ns_32ns_32_4_max_dsp_1_U2       |fmul_32ns_32ns_32_4_max_dsp_1       |        0|   3|  143|   78|    0|
    |frsqrt_32ns_32ns_32_11_full_dsp_1_U4   |frsqrt_32ns_32ns_32_11_full_dsp_1   |        0|   9|  287|  312|    0|
    |gmem0_m_axi_U                          |gmem0_m_axi                         |        2|   0|  512|  580|    0|
    |gmem1_m_axi_U                          |gmem1_m_axi                         |        2|   0|  512|  580|    0|
    |gmem2_m_axi_U                          |gmem2_m_axi                         |        2|   0|  512|  580|    0|
    +---------------------------------------+------------------------------------+---------+----+-----+-----+-----+
    |Total                                  |                                    |        6|  14| 2417| 2774|    0|
    +---------------------------------------+------------------------------------+---------+----+-----+-----+-----+

    * DSP: 
    N/A

    * Memory: 
    +-----------------+---------------+---------+----+----+-----+------+-----+------+-------------+
    |      Memory     |     Module    | BRAM_18K| FF | LUT| URAM| Words| Bits| Banks| W*Bits*Banks|
    +-----------------+---------------+---------+----+----+-----+------+-----+------+-------------+
    |squared_norms_U  |squared_norms  |        0|  32|  33|    0|    64|   32|     1|         2048|
    +-----------------+---------------+---------+----+----+-----+------+-----+------+-------------+
    |Total            |               |        0|  32|  33|    0|    64|   32|     1|         2048|
    +-----------------+---------------+---------+----+----+-----+------+-----+------+-------------+

    * FIFO: 
    N/A

    * Expression: 
    +-------------------------------------+----------+----+---+----+------------+------------+
    |            Variable Name            | Operation| DSP| FF| LUT| Bitwidth P0| Bitwidth P1|
    +-------------------------------------+----------+----+---+----+------------+------------+
    |add_ln10_fu_520_p2                   |         +|   0|  0|  71|          64|          64|
    |add_ln11_fu_560_p2                   |         +|   0|  0|  14|           7|           1|
    |add_ln19_fu_570_p2                   |         +|   0|  0|  14|           7|           1|
    |add_ln21_1_fu_624_p2                 |         +|   0|  0|  71|          64|          64|
    |add_ln21_fu_599_p2                   |         +|   0|  0|  71|          64|          64|
    |add_ln25_1_fu_736_p2                 |         +|   0|  0|  14|           7|           1|
    |add_ln25_fu_669_p2                   |         +|   0|  0|  77|          70|           1|
    |add_ln26_1_fu_779_p2                 |         +|   0|  0|  71|          64|          64|
    |add_ln26_fu_692_p2                   |         +|   0|  0|  71|          64|          64|
    |add_ln27_fu_830_p2                   |         +|   0|  0|  71|          64|           1|
    |add_ln29_1_fu_843_p2                 |         +|   0|  0|  71|          64|          64|
    |add_ln29_fu_824_p2                   |         +|   0|  0|  69|          62|          62|
    |add_ln34_fu_962_p2                   |         +|   0|  0|  71|          64|           1|
    |add_ln7_fu_979_p2                    |         +|   0|  0|  14|           7|           1|
    |add_ln9_1_fu_906_p2                  |         +|   0|  0|  64|          64|          64|
    |add_ln9_2_fu_921_p2                  |         +|   0|  0|  64|          64|          64|
    |add_ln9_fu_491_p2                    |         +|   0|  0|  14|           7|           1|
    |indvars_iv_next16_fu_973_p2          |         +|   0|  0|  15|           8|           2|
    |indvars_iv_next_fu_459_p2            |         +|   0|  0|  14|           7|           1|
    |sub_ln11_fu_481_p2                   |         -|   0|  0|  15|           8|           7|
    |ap_block_pp0                         |       and|   0|  0|   2|           1|           1|
    |ap_block_pp0_stage0_00001            |       and|   0|  0|   2|           1|           1|
    |ap_block_pp1                         |       and|   0|  0|   2|           1|           1|
    |ap_block_pp2_stage0_01001            |       and|   0|  0|   2|           1|           1|
    |ap_block_pp3                         |       and|   0|  0|   2|           1|           1|
    |ap_block_pp3_stage0_11001            |       and|   0|  0|   2|           1|           1|
    |ap_block_state103                    |       and|   0|  0|   2|           1|           1|
    |ap_block_state13_pp0_stage0_iter1    |       and|   0|  0|   2|           1|           1|
    |ap_block_state38_io                  |       and|   0|  0|   2|           1|           1|
    |ap_block_state45_pp1_stage0_iter8    |       and|   0|  0|   2|           1|           1|
    |ap_block_state49_io                  |       and|   0|  0|   2|           1|           1|
    |ap_block_state50_io                  |       and|   0|  0|   2|           1|           1|
    |ap_block_state55_pp1_stage0_iter18   |       and|   0|  0|   2|           1|           1|
    |ap_block_state58_io                  |       and|   0|  0|   2|           1|           1|
    |ap_block_state65_pp2_stage0_iter4    |       and|   0|  0|   2|           1|           1|
    |ap_block_state66_pp2_stage1_iter4    |       and|   0|  0|   2|           1|           1|
    |ap_block_state84_io                  |       and|   0|  0|   2|           1|           1|
    |ap_block_state85_io                  |       and|   0|  0|   2|           1|           1|
    |ap_block_state90_pp2_stage1_iter16   |       and|   0|  0|   2|           1|           1|
    |ap_block_state98_io                  |       and|   0|  0|   2|           1|           1|
    |ap_enable_state16_pp0_iter4_stage0   |       and|   0|  0|   2|           1|           1|
    |ap_enable_state17_pp0_iter5_stage0   |       and|   0|  0|   2|           1|           1|
    |ap_enable_state23_pp0_iter11_stage0  |       and|   0|  0|   2|           1|           1|
    |icmp_ln11_fu_549_p2                  |      icmp|   0|  0|  11|           7|           8|
    |icmp_ln19_fu_576_p2                  |      icmp|   0|  0|  11|           7|           8|
    |icmp_ln25_fu_707_p2                  |      icmp|   0|  0|  30|          70|          70|
    |icmp_ln27_1_fu_722_p2                |      icmp|   0|  0|  26|          58|           1|
    |icmp_ln27_fu_453_p2                  |      icmp|   0|  0|  11|           7|           8|
    |icmp_ln34_fu_956_p2                  |      icmp|   0|  0|  29|          64|           7|
    |icmp_ln9_fu_497_p2                   |      icmp|   0|  0|  11|           7|           8|
    |ap_block_pp1_stage0_01001            |        or|   0|  0|   2|           1|           1|
    |ap_block_pp1_stage0_11001            |        or|   0|  0|   2|           1|           1|
    |ap_block_pp2                         |        or|   0|  0|   2|           1|           1|
    |ap_block_pp2_stage0_11001            |        or|   0|  0|   2|           1|           1|
    |ap_block_pp2_stage1_00001            |        or|   0|  0|   2|           1|           1|
    |ap_block_pp2_stage1_11001            |        or|   0|  0|   2|           1|           1|
    |or_ln9_fu_911_p2                     |        or|   0|  0|  14|          14|           3|
    |select_ln25_1_fu_746_p3              |    select|   0|  0|   6|           1|           6|
    |select_ln25_2_fu_794_p3              |    select|   0|  0|  61|           1|          62|
    |select_ln25_3_fu_812_p3              |    select|   0|  0|   7|           1|           7|
    |select_ln25_fu_728_p3                |    select|   0|  0|  63|           1|          64|
    |ap_enable_pp0                        |       xor|   0|  0|   2|           1|           2|
    |ap_enable_pp1                        |       xor|   0|  0|   2|           1|           2|
    |ap_enable_pp2                        |       xor|   0|  0|   2|           1|           2|
    |ap_enable_pp3                        |       xor|   0|  0|   2|           1|           2|
    |ap_enable_reg_pp0_iter1              |       xor|   0|  0|   2|           2|           1|
    |ap_enable_reg_pp1_iter1              |       xor|   0|  0|   2|           2|           1|
    |ap_enable_reg_pp3_iter1              |       xor|   0|  0|   2|           2|           1|
    |xor_ln34_fu_947_p2                   |       xor|   0|  0|   6|           6|           2|
    +-------------------------------------+----------+----+---+----+------------+------------+
    |Total                                |          |   0|  0|1314|        1113|         886|
    +-------------------------------------+----------+----+---+----+------------+------------+

    * Multiplexer: 
    +-----------------------------------------+-----+-----------+-----+-----------+
    |                   Name                  | LUT | Input Size| Bits| Total Bits|
    +-----------------------------------------+-----+-----------+-----+-----------+
    |ap_NS_fsm                                |  169|         38|    1|         38|
    |ap_enable_reg_pp0_iter1                  |    9|          2|    1|          2|
    |ap_enable_reg_pp0_iter11                 |    9|          2|    1|          2|
    |ap_enable_reg_pp1_iter1                  |    9|          2|    1|          2|
    |ap_enable_reg_pp1_iter18                 |    9|          2|    1|          2|
    |ap_enable_reg_pp2_iter16                 |    9|          2|    1|          2|
    |ap_enable_reg_pp3_iter1                  |    9|          2|    1|          2|
    |ap_enable_reg_pp3_iter5                  |    9|          2|    1|          2|
    |ap_phi_mux_indvar_flatten_phi_fu_375_p4  |    9|          2|   70|        140|
    |ap_phi_mux_j_1_phi_fu_396_p4             |    9|          2|   64|        128|
    |ap_phi_mux_k_3_phi_fu_386_p4             |    9|          2|    7|         14|
    |gmem0_ARADDR                             |   26|          5|   64|        320|
    |gmem0_ARLEN                              |   14|          3|   32|         96|
    |gmem0_blk_n_AR                           |    9|          2|    1|          2|
    |gmem0_blk_n_AW                           |    9|          2|    1|          2|
    |gmem0_blk_n_B                            |    9|          2|    1|          2|
    |gmem0_blk_n_R                            |    9|          2|    1|          2|
    |gmem0_blk_n_W                            |    9|          2|    1|          2|
    |gmem1_blk_n_AW                           |    9|          2|    1|          2|
    |gmem1_blk_n_B                            |    9|          2|    1|          2|
    |gmem1_blk_n_W                            |    9|          2|    1|          2|
    |gmem2_blk_n_AW                           |    9|          2|    1|          2|
    |gmem2_blk_n_B                            |    9|          2|    1|          2|
    |gmem2_blk_n_W                            |    9|          2|    1|          2|
    |grp_fu_412_opcode                        |   14|          3|    2|          6|
    |grp_fu_412_p0                            |   14|          3|   32|         96|
    |grp_fu_416_p0                            |   26|          5|   32|        160|
    |grp_fu_416_p1                            |   20|          4|   32|        128|
    |i_reg_327                                |    9|          2|    7|         14|
    |indvar_flatten_reg_371                   |    9|          2|   70|        140|
    |indvars_iv14_reg_315                     |    9|          2|    7|         14|
    |indvars_iv15_reg_303                     |    9|          2|    8|         16|
    |j_1_reg_393                              |    9|          2|   64|        128|
    |j_2_reg_402                              |    9|          2|   64|        128|
    |j_reg_339                                |    9|          2|    7|         14|
    |k_1_reg_360                              |    9|          2|    7|         14|
    |k_2_reg_350                              |    9|          2|    7|         14|
    |k_3_reg_382                              |    9|          2|    7|         14|
    |reg_435                                  |    9|          2|   32|         64|
    |squared_norms_address0                   |   20|          4|    6|         24|
    |squared_norms_address1                   |   14|          3|    6|         18|
    +-----------------------------------------+-----+-----------+-----+-----------+
    |Total                                    |  605|        132|  646|       1764|
    +-----------------------------------------+-----+-----------+-----+-----------+

    * Register: 
    +-------------------------------+----+----+-----+-----------+
    |              Name             | FF | LUT| Bits| Const Bits|
    +-------------------------------+----+----+-----+-----------+
    |A_read_reg_995                 |  64|   0|   64|          0|
    |Q_read_reg_990                 |  64|   0|   64|          0|
    |R_read_reg_985                 |  64|   0|   64|          0|
    |add_ln25_reg_1136              |  70|   0|   70|          0|
    |add_ln27_reg_1166              |  64|   0|   64|          0|
    |add_ln29_reg_1161              |  62|   0|   62|          0|
    |add_ln9_reg_1046               |   7|   0|    7|          0|
    |ap_CS_fsm                      |  37|   0|   37|          0|
    |ap_enable_reg_pp0_iter0        |   1|   0|    1|          0|
    |ap_enable_reg_pp0_iter1        |   1|   0|    1|          0|
    |ap_enable_reg_pp0_iter10       |   1|   0|    1|          0|
    |ap_enable_reg_pp0_iter11       |   1|   0|    1|          0|
    |ap_enable_reg_pp0_iter2        |   1|   0|    1|          0|
    |ap_enable_reg_pp0_iter3        |   1|   0|    1|          0|
    |ap_enable_reg_pp0_iter4        |   1|   0|    1|          0|
    |ap_enable_reg_pp0_iter5        |   1|   0|    1|          0|
    |ap_enable_reg_pp0_iter6        |   1|   0|    1|          0|
    |ap_enable_reg_pp0_iter7        |   1|   0|    1|          0|
    |ap_enable_reg_pp0_iter8        |   1|   0|    1|          0|
    |ap_enable_reg_pp0_iter9        |   1|   0|    1|          0|
    |ap_enable_reg_pp1_iter0        |   1|   0|    1|          0|
    |ap_enable_reg_pp1_iter1        |   1|   0|    1|          0|
    |ap_enable_reg_pp1_iter10       |   1|   0|    1|          0|
    |ap_enable_reg_pp1_iter11       |   1|   0|    1|          0|
    |ap_enable_reg_pp1_iter12       |   1|   0|    1|          0|
    |ap_enable_reg_pp1_iter13       |   1|   0|    1|          0|
    |ap_enable_reg_pp1_iter14       |   1|   0|    1|          0|
    |ap_enable_reg_pp1_iter15       |   1|   0|    1|          0|
    |ap_enable_reg_pp1_iter16       |   1|   0|    1|          0|
    |ap_enable_reg_pp1_iter17       |   1|   0|    1|          0|
    |ap_enable_reg_pp1_iter18       |   1|   0|    1|          0|
    |ap_enable_reg_pp1_iter2        |   1|   0|    1|          0|
    |ap_enable_reg_pp1_iter3        |   1|   0|    1|          0|
    |ap_enable_reg_pp1_iter4        |   1|   0|    1|          0|
    |ap_enable_reg_pp1_iter5        |   1|   0|    1|          0|
    |ap_enable_reg_pp1_iter6        |   1|   0|    1|          0|
    |ap_enable_reg_pp1_iter7        |   1|   0|    1|          0|
    |ap_enable_reg_pp1_iter8        |   1|   0|    1|          0|
    |ap_enable_reg_pp1_iter9        |   1|   0|    1|          0|
    |ap_enable_reg_pp2_iter0        |   1|   0|    1|          0|
    |ap_enable_reg_pp2_iter1        |   1|   0|    1|          0|
    |ap_enable_reg_pp2_iter10       |   1|   0|    1|          0|
    |ap_enable_reg_pp2_iter11       |   1|   0|    1|          0|
    |ap_enable_reg_pp2_iter12       |   1|   0|    1|          0|
    |ap_enable_reg_pp2_iter13       |   1|   0|    1|          0|
    |ap_enable_reg_pp2_iter14       |   1|   0|    1|          0|
    |ap_enable_reg_pp2_iter15       |   1|   0|    1|          0|
    |ap_enable_reg_pp2_iter16       |   1|   0|    1|          0|
    |ap_enable_reg_pp2_iter2        |   1|   0|    1|          0|
    |ap_enable_reg_pp2_iter3        |   1|   0|    1|          0|
    |ap_enable_reg_pp2_iter4        |   1|   0|    1|          0|
    |ap_enable_reg_pp2_iter5        |   1|   0|    1|          0|
    |ap_enable_reg_pp2_iter6        |   1|   0|    1|          0|
    |ap_enable_reg_pp2_iter7        |   1|   0|    1|          0|
    |ap_enable_reg_pp2_iter8        |   1|   0|    1|          0|
    |ap_enable_reg_pp2_iter9        |   1|   0|    1|          0|
    |ap_enable_reg_pp3_iter0        |   1|   0|    1|          0|
    |ap_enable_reg_pp3_iter1        |   1|   0|    1|          0|
    |ap_enable_reg_pp3_iter2        |   1|   0|    1|          0|
    |ap_enable_reg_pp3_iter3        |   1|   0|    1|          0|
    |ap_enable_reg_pp3_iter4        |   1|   0|    1|          0|
    |ap_enable_reg_pp3_iter5        |   1|   0|    1|          0|
    |factor_mid2_reg_1198           |  32|   0|   32|          0|
    |gmem0_addr_1_read_1_reg_1121   |  32|   0|   32|          0|
    |gmem0_addr_1_reg_1109          |  64|   0|   64|          0|
    |gmem0_addr_2_read_reg_1183     |  32|   0|   32|          0|
    |gmem0_addr_2_reg_1145          |  64|   0|   64|          0|
    |gmem0_addr_3_read_reg_1193     |  32|   0|   32|          0|
    |gmem0_addr_3_reg_1176          |  64|   0|   64|          0|
    |gmem0_addr_read_1_reg_1085     |  32|   0|   32|          0|
    |gmem0_addr_reg_1054            |  64|   0|   64|          0|
    |gmem1_addr_reg_1115            |  64|   0|   64|          0|
    |gmem2_addr_reg_1212            |  64|   0|   64|          0|
    |i_reg_327                      |   7|   0|    7|          0|
    |icmp_ln11_reg_1070             |   1|   0|    1|          0|
    |icmp_ln19_reg_1105             |   1|   0|    1|          0|
    |icmp_ln25_reg_1141             |   1|   0|    1|          0|
    |icmp_ln34_reg_1223             |   1|   0|    1|          0|
    |indvar_flatten_reg_371         |  70|   0|   70|          0|
    |indvars_iv14_reg_315           |   7|   0|    7|          0|
    |indvars_iv15_reg_303           |   8|   0|    8|          0|
    |indvars_iv_next_reg_1012       |   7|   0|    7|          0|
    |j_1_reg_393                    |  64|   0|   64|          0|
    |j_2_reg_402                    |  64|   0|   64|          0|
    |j_reg_339                      |   7|   0|    7|          0|
    |k_1_reg_360                    |   7|   0|    7|          0|
    |k_2_reg_350                    |   7|   0|    7|          0|
    |k_3_reg_382                    |   7|   0|    7|          0|
    |norm_reg_1095                  |  32|   0|   32|          0|
    |reg_430                        |  32|   0|   32|          0|
    |reg_435                        |  32|   0|   32|          0|
    |reg_444                        |  32|   0|   32|          0|
    |select_ln25_3_reg_1151         |   7|   0|    7|          0|
    |squared_norms_addr_1_reg_1074  |   6|   0|    6|          0|
    |squared_norms_load_1_reg_1171  |  32|   0|   32|          0|
    |tmp_reg_1208                   |   1|   0|    1|          0|
    |trunc_ln27_reg_1004            |   6|   0|    6|          0|
    |trunc_ln9_reg_1030             |   6|   0|    6|          0|
    |val_reg_1065                   |  32|   0|   32|          0|
    |xor_ln34_reg_1218              |   6|   0|    6|          0|
    |zext_ln10_reg_1041             |   7|   0|   32|         25|
    |zext_ln23_reg_1131             |   6|   0|   70|         64|
    |zext_ln27_1_reg_1023           |   7|   0|   64|         57|
    |zext_ln27_reg_1018             |   7|   0|   64|         57|
    |gmem0_addr_3_read_reg_1193     |  64|  32|   32|          0|
    |gmem0_addr_3_reg_1176          |  64|  32|   64|          0|
    |gmem1_addr_reg_1115            |  64|  32|   64|          0|
    |icmp_ln11_reg_1070             |  64|  32|    1|          0|
    |icmp_ln19_reg_1105             |  64|  32|    1|          0|
    |icmp_ln25_reg_1141             |  64|  32|    1|          0|
    |icmp_ln34_reg_1223             |  64|  32|    1|          0|
    |squared_norms_addr_1_reg_1074  |  64|  32|    6|          0|
    |squared_norms_load_1_reg_1171  |  64|  32|   32|          0|
    +-------------------------------+----+----+-----+-----------+
    |Total                          |2116| 288| 1945|        203|
    +-------------------------------+----+----+-----+-----------+



================================================================
== Interface
================================================================
* Summary: 
+-----------------------+-----+-----+------------+--------------+--------------+
|       RTL Ports       | Dir | Bits|  Protocol  | Source Object|    C Type    |
+-----------------------+-----+-----+------------+--------------+--------------+
|s_axi_control_AWVALID  |   in|    1|       s_axi|       control|        scalar|
|s_axi_control_AWREADY  |  out|    1|       s_axi|       control|        scalar|
|s_axi_control_AWADDR   |   in|    6|       s_axi|       control|        scalar|
|s_axi_control_WVALID   |   in|    1|       s_axi|       control|        scalar|
|s_axi_control_WREADY   |  out|    1|       s_axi|       control|        scalar|
|s_axi_control_WDATA    |   in|   32|       s_axi|       control|        scalar|
|s_axi_control_WSTRB    |   in|    4|       s_axi|       control|        scalar|
|s_axi_control_ARVALID  |   in|    1|       s_axi|       control|        scalar|
|s_axi_control_ARREADY  |  out|    1|       s_axi|       control|        scalar|
|s_axi_control_ARADDR   |   in|    6|       s_axi|       control|        scalar|
|s_axi_control_RVALID   |  out|    1|       s_axi|       control|        scalar|
|s_axi_control_RREADY   |   in|    1|       s_axi|       control|        scalar|
|s_axi_control_RDATA    |  out|   32|       s_axi|       control|        scalar|
|s_axi_control_RRESP    |  out|    2|       s_axi|       control|        scalar|
|s_axi_control_BVALID   |  out|    1|       s_axi|       control|        scalar|
|s_axi_control_BREADY   |   in|    1|       s_axi|       control|        scalar|
|s_axi_control_BRESP    |  out|    2|       s_axi|       control|        scalar|
|ap_clk                 |   in|    1|  ap_ctrl_hs|      Example1|  return value|
|ap_rst_n               |   in|    1|  ap_ctrl_hs|      Example1|  return value|
|interrupt              |  out|    1|  ap_ctrl_hs|      Example1|  return value|
|m_axi_gmem0_AWVALID    |  out|    1|       m_axi|         gmem0|       pointer|
|m_axi_gmem0_AWREADY    |   in|    1|       m_axi|         gmem0|       pointer|
|m_axi_gmem0_AWADDR     |  out|   64|       m_axi|         gmem0|       pointer|
|m_axi_gmem0_AWID       |  out|    1|       m_axi|         gmem0|       pointer|
|m_axi_gmem0_AWLEN      |  out|    8|       m_axi|         gmem0|       pointer|
|m_axi_gmem0_AWSIZE     |  out|    3|       m_axi|         gmem0|       pointer|
|m_axi_gmem0_AWBURST    |  out|    2|       m_axi|         gmem0|       pointer|
|m_axi_gmem0_AWLOCK     |  out|    2|       m_axi|         gmem0|       pointer|
|m_axi_gmem0_AWCACHE    |  out|    4|       m_axi|         gmem0|       pointer|
|m_axi_gmem0_AWPROT     |  out|    3|       m_axi|         gmem0|       pointer|
|m_axi_gmem0_AWQOS      |  out|    4|       m_axi|         gmem0|       pointer|
|m_axi_gmem0_AWREGION   |  out|    4|       m_axi|         gmem0|       pointer|
|m_axi_gmem0_AWUSER     |  out|    1|       m_axi|         gmem0|       pointer|
|m_axi_gmem0_WVALID     |  out|    1|       m_axi|         gmem0|       pointer|
|m_axi_gmem0_WREADY     |   in|    1|       m_axi|         gmem0|       pointer|
|m_axi_gmem0_WDATA      |  out|   32|       m_axi|         gmem0|       pointer|
|m_axi_gmem0_WSTRB      |  out|    4|       m_axi|         gmem0|       pointer|
|m_axi_gmem0_WLAST      |  out|    1|       m_axi|         gmem0|       pointer|
|m_axi_gmem0_WID        |  out|    1|       m_axi|         gmem0|       pointer|
|m_axi_gmem0_WUSER      |  out|    1|       m_axi|         gmem0|       pointer|
|m_axi_gmem0_ARVALID    |  out|    1|       m_axi|         gmem0|       pointer|
|m_axi_gmem0_ARREADY    |   in|    1|       m_axi|         gmem0|       pointer|
|m_axi_gmem0_ARADDR     |  out|   64|       m_axi|         gmem0|       pointer|
|m_axi_gmem0_ARID       |  out|    1|       m_axi|         gmem0|       pointer|
|m_axi_gmem0_ARLEN      |  out|    8|       m_axi|         gmem0|       pointer|
|m_axi_gmem0_ARSIZE     |  out|    3|       m_axi|         gmem0|       pointer|
|m_axi_gmem0_ARBURST    |  out|    2|       m_axi|         gmem0|       pointer|
|m_axi_gmem0_ARLOCK     |  out|    2|       m_axi|         gmem0|       pointer|
|m_axi_gmem0_ARCACHE    |  out|    4|       m_axi|         gmem0|       pointer|
|m_axi_gmem0_ARPROT     |  out|    3|       m_axi|         gmem0|       pointer|
|m_axi_gmem0_ARQOS      |  out|    4|       m_axi|         gmem0|       pointer|
|m_axi_gmem0_ARREGION   |  out|    4|       m_axi|         gmem0|       pointer|
|m_axi_gmem0_ARUSER     |  out|    1|       m_axi|         gmem0|       pointer|
|m_axi_gmem0_RVALID     |   in|    1|       m_axi|         gmem0|       pointer|
|m_axi_gmem0_RREADY     |  out|    1|       m_axi|         gmem0|       pointer|
|m_axi_gmem0_RDATA      |   in|   32|       m_axi|         gmem0|       pointer|
|m_axi_gmem0_RLAST      |   in|    1|       m_axi|         gmem0|       pointer|
|m_axi_gmem0_RID        |   in|    1|       m_axi|         gmem0|       pointer|
|m_axi_gmem0_RUSER      |   in|    1|       m_axi|         gmem0|       pointer|
|m_axi_gmem0_RRESP      |   in|    2|       m_axi|         gmem0|       pointer|
|m_axi_gmem0_BVALID     |   in|    1|       m_axi|         gmem0|       pointer|
|m_axi_gmem0_BREADY     |  out|    1|       m_axi|         gmem0|       pointer|
|m_axi_gmem0_BRESP      |   in|    2|       m_axi|         gmem0|       pointer|
|m_axi_gmem0_BID        |   in|    1|       m_axi|         gmem0|       pointer|
|m_axi_gmem0_BUSER      |   in|    1|       m_axi|         gmem0|       pointer|
|m_axi_gmem1_AWVALID    |  out|    1|       m_axi|         gmem1|       pointer|
|m_axi_gmem1_AWREADY    |   in|    1|       m_axi|         gmem1|       pointer|
|m_axi_gmem1_AWADDR     |  out|   64|       m_axi|         gmem1|       pointer|
|m_axi_gmem1_AWID       |  out|    1|       m_axi|         gmem1|       pointer|
|m_axi_gmem1_AWLEN      |  out|    8|       m_axi|         gmem1|       pointer|
|m_axi_gmem1_AWSIZE     |  out|    3|       m_axi|         gmem1|       pointer|
|m_axi_gmem1_AWBURST    |  out|    2|       m_axi|         gmem1|       pointer|
|m_axi_gmem1_AWLOCK     |  out|    2|       m_axi|         gmem1|       pointer|
|m_axi_gmem1_AWCACHE    |  out|    4|       m_axi|         gmem1|       pointer|
|m_axi_gmem1_AWPROT     |  out|    3|       m_axi|         gmem1|       pointer|
|m_axi_gmem1_AWQOS      |  out|    4|       m_axi|         gmem1|       pointer|
|m_axi_gmem1_AWREGION   |  out|    4|       m_axi|         gmem1|       pointer|
|m_axi_gmem1_AWUSER     |  out|    1|       m_axi|         gmem1|       pointer|
|m_axi_gmem1_WVALID     |  out|    1|       m_axi|         gmem1|       pointer|
|m_axi_gmem1_WREADY     |   in|    1|       m_axi|         gmem1|       pointer|
|m_axi_gmem1_WDATA      |  out|   32|       m_axi|         gmem1|       pointer|
|m_axi_gmem1_WSTRB      |  out|    4|       m_axi|         gmem1|       pointer|
|m_axi_gmem1_WLAST      |  out|    1|       m_axi|         gmem1|       pointer|
|m_axi_gmem1_WID        |  out|    1|       m_axi|         gmem1|       pointer|
|m_axi_gmem1_WUSER      |  out|    1|       m_axi|         gmem1|       pointer|
|m_axi_gmem1_ARVALID    |  out|    1|       m_axi|         gmem1|       pointer|
|m_axi_gmem1_ARREADY    |   in|    1|       m_axi|         gmem1|       pointer|
|m_axi_gmem1_ARADDR     |  out|   64|       m_axi|         gmem1|       pointer|
|m_axi_gmem1_ARID       |  out|    1|       m_axi|         gmem1|       pointer|
|m_axi_gmem1_ARLEN      |  out|    8|       m_axi|         gmem1|       pointer|
|m_axi_gmem1_ARSIZE     |  out|    3|       m_axi|         gmem1|       pointer|
|m_axi_gmem1_ARBURST    |  out|    2|       m_axi|         gmem1|       pointer|
|m_axi_gmem1_ARLOCK     |  out|    2|       m_axi|         gmem1|       pointer|
|m_axi_gmem1_ARCACHE    |  out|    4|       m_axi|         gmem1|       pointer|
|m_axi_gmem1_ARPROT     |  out|    3|       m_axi|         gmem1|       pointer|
|m_axi_gmem1_ARQOS      |  out|    4|       m_axi|         gmem1|       pointer|
|m_axi_gmem1_ARREGION   |  out|    4|       m_axi|         gmem1|       pointer|
|m_axi_gmem1_ARUSER     |  out|    1|       m_axi|         gmem1|       pointer|
|m_axi_gmem1_RVALID     |   in|    1|       m_axi|         gmem1|       pointer|
|m_axi_gmem1_RREADY     |  out|    1|       m_axi|         gmem1|       pointer|
|m_axi_gmem1_RDATA      |   in|   32|       m_axi|         gmem1|       pointer|
|m_axi_gmem1_RLAST      |   in|    1|       m_axi|         gmem1|       pointer|
|m_axi_gmem1_RID        |   in|    1|       m_axi|         gmem1|       pointer|
|m_axi_gmem1_RUSER      |   in|    1|       m_axi|         gmem1|       pointer|
|m_axi_gmem1_RRESP      |   in|    2|       m_axi|         gmem1|       pointer|
|m_axi_gmem1_BVALID     |   in|    1|       m_axi|         gmem1|       pointer|
|m_axi_gmem1_BREADY     |  out|    1|       m_axi|         gmem1|       pointer|
|m_axi_gmem1_BRESP      |   in|    2|       m_axi|         gmem1|       pointer|
|m_axi_gmem1_BID        |   in|    1|       m_axi|         gmem1|       pointer|
|m_axi_gmem1_BUSER      |   in|    1|       m_axi|         gmem1|       pointer|
|m_axi_gmem2_AWVALID    |  out|    1|       m_axi|         gmem2|       pointer|
|m_axi_gmem2_AWREADY    |   in|    1|       m_axi|         gmem2|       pointer|
|m_axi_gmem2_AWADDR     |  out|   64|       m_axi|         gmem2|       pointer|
|m_axi_gmem2_AWID       |  out|    1|       m_axi|         gmem2|       pointer|
|m_axi_gmem2_AWLEN      |  out|    8|       m_axi|         gmem2|       pointer|
|m_axi_gmem2_AWSIZE     |  out|    3|       m_axi|         gmem2|       pointer|
|m_axi_gmem2_AWBURST    |  out|    2|       m_axi|         gmem2|       pointer|
|m_axi_gmem2_AWLOCK     |  out|    2|       m_axi|         gmem2|       pointer|
|m_axi_gmem2_AWCACHE    |  out|    4|       m_axi|         gmem2|       pointer|
|m_axi_gmem2_AWPROT     |  out|    3|       m_axi|         gmem2|       pointer|
|m_axi_gmem2_AWQOS      |  out|    4|       m_axi|         gmem2|       pointer|
|m_axi_gmem2_AWREGION   |  out|    4|       m_axi|         gmem2|       pointer|
|m_axi_gmem2_AWUSER     |  out|    1|       m_axi|         gmem2|       pointer|
|m_axi_gmem2_WVALID     |  out|    1|       m_axi|         gmem2|       pointer|
|m_axi_gmem2_WREADY     |   in|    1|       m_axi|         gmem2|       pointer|
|m_axi_gmem2_WDATA      |  out|   32|       m_axi|         gmem2|       pointer|
|m_axi_gmem2_WSTRB      |  out|    4|       m_axi|         gmem2|       pointer|
|m_axi_gmem2_WLAST      |  out|    1|       m_axi|         gmem2|       pointer|
|m_axi_gmem2_WID        |  out|    1|       m_axi|         gmem2|       pointer|
|m_axi_gmem2_WUSER      |  out|    1|       m_axi|         gmem2|       pointer|
|m_axi_gmem2_ARVALID    |  out|    1|       m_axi|         gmem2|       pointer|
|m_axi_gmem2_ARREADY    |   in|    1|       m_axi|         gmem2|       pointer|
|m_axi_gmem2_ARADDR     |  out|   64|       m_axi|         gmem2|       pointer|
|m_axi_gmem2_ARID       |  out|    1|       m_axi|         gmem2|       pointer|
|m_axi_gmem2_ARLEN      |  out|    8|       m_axi|         gmem2|       pointer|
|m_axi_gmem2_ARSIZE     |  out|    3|       m_axi|         gmem2|       pointer|
|m_axi_gmem2_ARBURST    |  out|    2|       m_axi|         gmem2|       pointer|
|m_axi_gmem2_ARLOCK     |  out|    2|       m_axi|         gmem2|       pointer|
|m_axi_gmem2_ARCACHE    |  out|    4|       m_axi|         gmem2|       pointer|
|m_axi_gmem2_ARPROT     |  out|    3|       m_axi|         gmem2|       pointer|
|m_axi_gmem2_ARQOS      |  out|    4|       m_axi|         gmem2|       pointer|
|m_axi_gmem2_ARREGION   |  out|    4|       m_axi|         gmem2|       pointer|
|m_axi_gmem2_ARUSER     |  out|    1|       m_axi|         gmem2|       pointer|
|m_axi_gmem2_RVALID     |   in|    1|       m_axi|         gmem2|       pointer|
|m_axi_gmem2_RREADY     |  out|    1|       m_axi|         gmem2|       pointer|
|m_axi_gmem2_RDATA      |   in|   32|       m_axi|         gmem2|       pointer|
|m_axi_gmem2_RLAST      |   in|    1|       m_axi|         gmem2|       pointer|
|m_axi_gmem2_RID        |   in|    1|       m_axi|         gmem2|       pointer|
|m_axi_gmem2_RUSER      |   in|    1|       m_axi|         gmem2|       pointer|
|m_axi_gmem2_RRESP      |   in|    2|       m_axi|         gmem2|       pointer|
|m_axi_gmem2_BVALID     |   in|    1|       m_axi|         gmem2|       pointer|
|m_axi_gmem2_BREADY     |  out|    1|       m_axi|         gmem2|       pointer|
|m_axi_gmem2_BRESP      |   in|    2|       m_axi|         gmem2|       pointer|
|m_axi_gmem2_BID        |   in|    1|       m_axi|         gmem2|       pointer|
|m_axi_gmem2_BUSER      |   in|    1|       m_axi|         gmem2|       pointer|
+-----------------------+-----+-----+------------+--------------+--------------+

